main.c:225:5:main	8	static
main.c:359:6:SystemClock_Config	176	static
main.c:423:13:MX_NVIC_Init	8	static
main.c:435:13:MX_ADC1_Init	24	static
main.c:485:13:MX_DAC_Init	16	static
main.c:523:13:MX_DFSDM1_Init	8	static
main.c:561:13:MX_DFSDM2_Init	8	static
main.c:616:13:MX_FMPI2C1_Init	8	static
main.c:656:13:MX_I2C2_Init	8	static
main.c:690:13:MX_I2S2_Init	8	static
main.c:724:13:MX_QUADSPI_Init	8	static
main.c:759:13:MX_SDIO_SD_Init	8	static
main.c:795:13:MX_UART10_Init	8	static
main.c:828:13:MX_USART6_UART_Init	8	static
main.c:861:13:MX_GPIO_Init	64	static
main.c:1002:13:MX_FSMC_Init	40	static
main.c:1101:6:StartGameClock	24	static
main.c:1226:6:StartDrawGame	24	static
main.c:1320:6:StartButtonControl	24	static
main.c:1380:6:StartWifiControl	16	static
main.c:1399:6:HAL_TIM_PeriodElapsedCallback	16	static
main.c:1416:6:Error_Handler	4	static
